../Core/Src/Modbus/RTU.c:7:6:ModbusInit	8	static
../Core/Src/Modbus/RTU.c:19:6:ModbusRcv	16	static
../Core/Src/Modbus/RTU.c:26:9:ModbusGetFlag	0	static
../Core/Src/Modbus/RTU.c:30:6:ModbusReset	16	static
../Core/Src/Modbus/RTU.c:109:6:ModbusTimeOut	0	static
../Core/Src/Modbus/RTU.c:128:6:EndianSwap	0	static
../Core/Src/Modbus/RTU.c:113:6:getInfo	16	static
../Core/Src/Modbus/RTU.c:135:6:copyData	0	static
../Core/Src/Modbus/RTU.c:142:10:CRC16	16	static
../Core/Src/Modbus/RTU.c:120:6:ErrorMSG	16	static
../Core/Src/Modbus/RTU.c:36:6:ModbusFunc	64	static
